// Jest Snapshot v1, https://goo.gl/fbAQLP

exports[`Loading renders correctly 1`] = `
LoadedCheerio {
  "0": <div
    aria-busy="true"
    class="usd1-react-ui-loading p-progress-spinner"
    data-pc-name="progressspinner"
    data-pc-section="root"
    role="progressbar"
  >
    <svg
      class="p-progress-spinner-svg"
      data-pc-section="spinner"
      style="animation-duration:2s"
      viewBox="25 25 50 50"
    >
      <circle
        class="p-progress-spinner-circle"
        cx="50"
        cy="50"
        data-pc-section="circle"
        fill="none"
        r="20"
        stroke-miterlimit="10"
        stroke-width="2"
      />
    </svg>
  </div>,
  "_root": LoadedCheerio {
    "0": Document {
      "children": [
        <html>
          <head />
          <body />
        </html>,
      ],
      "endIndex": null,
      "next": null,
      "parent": null,
      "prev": null,
      "startIndex": null,
      "type": "root",
      "x-mode": "quirks",
    },
    "_root": [Circular],
    "length": 1,
    "options": {
      "decodeEntities": true,
      "xml": false,
    },
  },
  "length": 1,
  "options": {
    "decodeEntities": true,
    "xml": false,
  },
}
`;
