// Jest Snapshot v1, https://goo.gl/fbAQLP

exports[`NotificationBeta renders correctly 1`] = `
{
  "asFragment": [Function],
  "baseElement": <body>
    <div>
      <div
        class="om-react-ui-notification-beta om-react-ui-notification-beta-info"
      >
        <div
          class="om-react-ui-notification-beta-content-wrapper"
        >
          <div
            class="om-react-ui-notification-beta-icon-wrapper"
          >
            <span
              class="om-react-ui-notification-beta-icon"
            >
              <svg
                fill="none"
                height="16"
                viewBox="0 0 16 16"
                width="16"
                xmlns="http://www.w3.org/2000/svg"
              >
                <path
                  clip-rule="evenodd"
                  d="M8 2a6 6 0 1 0 0 12A6 6 0 0 0 8 2ZM7.25 7.25a.75.75 0 0 1 1.5 0v3.5a.75.75 0 0 1-1.5 0v-3.5ZM8 4.5a.75.75 0 1 0 0 1.5.75.75 0 0 0 0-1.5Z"
                  fill="currentColor"
                  fill-rule="evenodd"
                />
              </svg>
            </span>
          </div>
          <div
            class="om-react-ui-notification-beta-content"
          >
            <div
              class="om-react-ui-notification-beta-title"
            >
              Test title
            </div>
            <div
              class="om-react-ui-notification-beta-body"
            >
              Test body
            </div>
          </div>
        </div>
        <button
          aria-label="Close notification"
          class="om-react-ui-notification-beta-close"
          type="button"
        >
          <svg
            fill="none"
            height="16"
            viewBox="0 0 16 16"
            width="16"
            xmlns="http://www.w3.org/2000/svg"
          >
            <path
              d="M4.47 4.47a.75.75 0 0 1 1.06 0L8 6.94l2.47-2.47a.75.75 0 1 1 1.06 1.06L9.06 8l2.47 2.47a.75.75 0 1 1-1.06 1.06L8 9.06l-2.47 2.47a.75.75 0 0 1-1.06-1.06L6.94 8 4.47 5.53a.75.75 0 0 1 0-1.06Z"
              fill="currentColor"
            />
          </svg>
        </button>
      </div>
    </div>
  </body>,
  "container": <div>
    <div
      class="om-react-ui-notification-beta om-react-ui-notification-beta-info"
    >
      <div
        class="om-react-ui-notification-beta-content-wrapper"
      >
        <div
          class="om-react-ui-notification-beta-icon-wrapper"
        >
          <span
            class="om-react-ui-notification-beta-icon"
          >
            <svg
              fill="none"
              height="16"
              viewBox="0 0 16 16"
              width="16"
              xmlns="http://www.w3.org/2000/svg"
            >
              <path
                clip-rule="evenodd"
                d="M8 2a6 6 0 1 0 0 12A6 6 0 0 0 8 2ZM7.25 7.25a.75.75 0 0 1 1.5 0v3.5a.75.75 0 0 1-1.5 0v-3.5ZM8 4.5a.75.75 0 1 0 0 1.5.75.75 0 0 0 0-1.5Z"
                fill="currentColor"
                fill-rule="evenodd"
              />
            </svg>
          </span>
        </div>
        <div
          class="om-react-ui-notification-beta-content"
        >
          <div
            class="om-react-ui-notification-beta-title"
          >
            Test title
          </div>
          <div
            class="om-react-ui-notification-beta-body"
          >
            Test body
          </div>
        </div>
      </div>
      <button
        aria-label="Close notification"
        class="om-react-ui-notification-beta-close"
        type="button"
      >
        <svg
          fill="none"
          height="16"
          viewBox="0 0 16 16"
          width="16"
          xmlns="http://www.w3.org/2000/svg"
        >
          <path
            d="M4.47 4.47a.75.75 0 0 1 1.06 0L8 6.94l2.47-2.47a.75.75 0 1 1 1.06 1.06L9.06 8l2.47 2.47a.75.75 0 1 1-1.06 1.06L8 9.06l-2.47 2.47a.75.75 0 0 1-1.06-1.06L6.94 8 4.47 5.53a.75.75 0 0 1 0-1.06Z"
            fill="currentColor"
          />
        </svg>
      </button>
    </div>
  </div>,
  "debug": [Function],
  "findAllByAltText": [Function],
  "findAllByDisplayValue": [Function],
  "findAllByLabelText": [Function],
  "findAllByPlaceholderText": [Function],
  "findAllByRole": [Function],
  "findAllByTestId": [Function],
  "findAllByText": [Function],
  "findAllByTitle": [Function],
  "findByAltText": [Function],
  "findByDisplayValue": [Function],
  "findByLabelText": [Function],
  "findByPlaceholderText": [Function],
  "findByRole": [Function],
  "findByTestId": [Function],
  "findByText": [Function],
  "findByTitle": [Function],
  "getAllByAltText": [Function],
  "getAllByDisplayValue": [Function],
  "getAllByLabelText": [Function],
  "getAllByPlaceholderText": [Function],
  "getAllByRole": [Function],
  "getAllByTestId": [Function],
  "getAllByText": [Function],
  "getAllByTitle": [Function],
  "getByAltText": [Function],
  "getByDisplayValue": [Function],
  "getByLabelText": [Function],
  "getByPlaceholderText": [Function],
  "getByRole": [Function],
  "getByTestId": [Function],
  "getByText": [Function],
  "getByTitle": [Function],
  "queryAllByAltText": [Function],
  "queryAllByDisplayValue": [Function],
  "queryAllByLabelText": [Function],
  "queryAllByPlaceholderText": [Function],
  "queryAllByRole": [Function],
  "queryAllByTestId": [Function],
  "queryAllByText": [Function],
  "queryAllByTitle": [Function],
  "queryByAltText": [Function],
  "queryByDisplayValue": [Function],
  "queryByLabelText": [Function],
  "queryByPlaceholderText": [Function],
  "queryByRole": [Function],
  "queryByTestId": [Function],
  "queryByText": [Function],
  "queryByTitle": [Function],
  "rerender": [Function],
  "unmount": [Function],
}
`;
